../Drivers/LSM303_AGR/lsm303agr.c:114:6:LSM303AGR_AccInit	32	static
../Drivers/LSM303_AGR/lsm303agr.c:135:6:LSM303AGR_AccDeInit	8	static
../Drivers/LSM303_AGR/lsm303agr.c:144:9:LSM303AGR_AccReadID	24	static
../Drivers/LSM303_AGR/lsm303agr.c:162:6:LSM303AGR_AccRebootCmd	24	static
../Drivers/LSM303_AGR/lsm303agr.c:181:6:LSM303AGR_AccFilterConfig	32	static
../Drivers/LSM303_AGR/lsm303agr.c:203:6:LSM303AGR_AccFilterCmd	32	static
../Drivers/LSM303_AGR/lsm303agr.c:223:6:LSM303AGR_AccReadXYZ	56	static
../Drivers/LSM303_AGR/lsm303agr.c:292:6:LSM303AGR_AccFilterClickCmd	32	static
../Drivers/LSM303_AGR/lsm303agr.c:320:6:LSM303AGR_AccIT1Enable	32	static
../Drivers/LSM303_AGR/lsm303agr.c:347:6:LSM303AGR_AccIT1Disable	32	static
../Drivers/LSM303_AGR/lsm303agr.c:373:6:LSM303AGR_AccIT2Enable	32	static
../Drivers/LSM303_AGR/lsm303agr.c:399:6:LSM303AGR_AccIT2Disable	32	static
../Drivers/LSM303_AGR/lsm303agr.c:419:6:LSM303AGR_AccINT1InterruptEnable	32	static
../Drivers/LSM303_AGR/lsm303agr.c:439:6:LSM303AGR_AccINT1InterruptDisable	32	static
../Drivers/LSM303_AGR/lsm303agr.c:459:6:LSM303AGR_AccINT2InterruptEnable	32	static
../Drivers/LSM303_AGR/lsm303agr.c:479:6:LSM303AGR_AccINT2InterruptDisable	32	static
../Drivers/LSM303_AGR/lsm303agr.c:498:6:LSM303AGR_AccClickITEnable	32	static
../Drivers/LSM303_AGR/lsm303agr.c:532:6:LSM303AGR_AccClickITDisable	32	static
../Drivers/LSM303_AGR/lsm303agr.c:551:6:LSM303AGR_AccZClickITConfig	8	static
