../Core/Src/main.c:76:5:main	144	static
../Core/Src/main.c:180:6:SystemClock_Config	96	static
../Core/Src/main.c:230:13:MX_I2C3_Init	8	static
../Core/Src/main.c:278:13:MX_LPTIM1_Init	8	static
../Core/Src/main.c:312:13:MX_SPI1_Init	8	static
../Core/Src/main.c:352:13:MX_USART2_UART_Init	8	static
../Core/Src/main.c:387:13:MX_GPIO_Init	48	static
../Core/Src/main.c:437:1:__io_putchar	16	static
../Core/Src/main.c:447:17:get_precision_tick	16	static,ignoring_inline_asm
../Core/Src/main.c:455:6:HAL_LPTIM_AutoReloadMatchCallback	16	static
../Core/Src/main.c:460:13:precision_sleep_until	32	static
../Core/Src/main.c:504:16:random_int	16	static
../Core/Src/main.c:509:16:get_battery_level	4	static
../Core/Src/main.c:521:6:Error_Handler	4	static,ignoring_inline_asm
