../Core/Src/main.c:103:6:myprintf	16	static
../Core/Src/main.c:120:5:main	1152	static
../Core/Src/main.c:330:6:SystemClock_Config	96	static
../Core/Src/main.c:372:13:MX_I2C1_Init	8	static
../Core/Src/main.c:417:13:MX_SPI1_Init	8	static
../Core/Src/main.c:455:13:MX_SPI2_Init	8	static
../Core/Src/main.c:493:13:MX_TIM16_Init	8	static
../Core/Src/main.c:523:13:MX_UART4_Init	8	static
../Core/Src/main.c:556:13:MX_GPIO_Init	48	static
../Core/Src/main.c:666:6:HAL_TIM_PeriodElapsedCallback	16	static
../Core/Src/main.c:696:6:Setup	8	static
../Core/Src/main.c:704:6:Setup_Spectralsensor	16	static
../Core/Src/main.c:715:6:Setup_Gain	24	static
../Core/Src/main.c:724:6:Read_Spectralsensor	72	static
../Core/Src/main.c:736:6:Write_SD_Card_Header	1656	static
../Core/Src/main.c:762:6:Write_SD_Card_Spectral	8848	static
../Core/Src/main.c:824:6:Write_SD_Card	1240	static
../Core/Src/main.c:941:1:read_temp_innen	64	static
../Core/Src/main.c:966:1:read_temp_aussen	64	static
../Core/Src/main.c:991:6:check_gain	88	static
../Core/Src/main.c:1029:6:check_spectral	24	static
../Core/Src/main.c:1041:6:check_imu	16	static
../Core/Src/main.c:1057:6:check_stats	8	static
../Core/Src/main.c:1063:6:fail_handler	40	static
../Core/Src/main.c:1078:6:read_akkuspannung	4	static
../Core/Src/main.c:1092:6:Error_Handler	4	static,ignoring_inline_asm
