../Core/Src/main.c:101:6:myprintf	16	static
../Core/Src/main.c:118:5:main	1144	static
../Core/Src/main.c:319:6:SystemClock_Config	96	static
../Core/Src/main.c:364:13:MX_I2C1_Init	8	static
../Core/Src/main.c:412:13:MX_SPI1_Init	8	static
../Core/Src/main.c:452:13:MX_SPI2_Init	8	static
../Core/Src/main.c:492:13:MX_TIM16_Init	8	static
../Core/Src/main.c:524:13:MX_UART4_Init	8	static
../Core/Src/main.c:559:13:MX_GPIO_Init	48	static
../Core/Src/main.c:666:6:HAL_TIM_PeriodElapsedCallback	16	static
../Core/Src/main.c:697:6:Setup_Spectralsensor	16	static
../Core/Src/main.c:709:6:Read_Spectralsensor	72	static
../Core/Src/main.c:721:6:Write_SD_Card_Spectral	1296	static
../Core/Src/main.c:766:6:Write_SD_Card	1240	static
../Core/Src/main.c:883:1:read_temp_innen	64	static
../Core/Src/main.c:908:1:read_temp_aussen	64	static
../Core/Src/main.c:933:6:read_akkuspannung	4	static
../Core/Src/main.c:947:6:Error_Handler	4	static,ignoring_inline_asm
