../Drivers/AS7341_Driver/Waveshare_AS7341.c:26:14:AS7341_Read_Byte	16	static
../Drivers/AS7341_Driver/Waveshare_AS7341.c:49:13:AS7341_Write_Byte	16	static
../Drivers/AS7341_Driver/Waveshare_AS7341.c:58:7:AS7341_Init	16	static
../Drivers/AS7341_Driver/Waveshare_AS7341.c:70:6:AS7341_Enable	24	static
../Drivers/AS7341_Driver/Waveshare_AS7341.c:87:6:AS7341_EnableSpectralMeasure	24	static
../Drivers/AS7341_Driver/Waveshare_AS7341.c:103:6:AS7341_EnableSMUX	24	static
../Drivers/AS7341_Driver/Waveshare_AS7341.c:120:6:AS7341_EnableFlickerDetection	24	static
../Drivers/AS7341_Driver/Waveshare_AS7341.c:136:6:AS7341_Config	24	static
../Drivers/AS7341_Driver/Waveshare_AS7341.c:167:6:F1F4_Clear_NIR	8	static
../Drivers/AS7341_Driver/Waveshare_AS7341.c:193:6:F5F8_Clear_NIR	8	static
../Drivers/AS7341_Driver/Waveshare_AS7341.c:219:6:FDConfig	8	static
../Drivers/AS7341_Driver/Waveshare_AS7341.c:247:6:AS7341_startMeasure	40	static
../Drivers/AS7341_Driver/Waveshare_AS7341.c:289:7:AS7341_ReadFlickerData	16	static
../Drivers/AS7341_Driver/Waveshare_AS7341.c:336:5:AS7341_MeasureComplete	16	static
../Drivers/AS7341_Driver/Waveshare_AS7341.c:350:7:AS7341_GetChannelData	24	static
../Drivers/AS7341_Driver/Waveshare_AS7341.c:366:16:AS7341_ReadSpectralDataOne	40	static
../Drivers/AS7341_Driver/Waveshare_AS7341.c:382:16:AS7341_ReadSpectralDataTwo	40	static
../Drivers/AS7341_Driver/Waveshare_AS7341.c:397:6:AS7341_SetGpioMode	24	static
../Drivers/AS7341_Driver/Waveshare_AS7341.c:415:6:AS7341_ATIME_config	16	static
../Drivers/AS7341_Driver/Waveshare_AS7341.c:423:6:AS7341_ASTEP_config	24	static
../Drivers/AS7341_Driver/Waveshare_AS7341.c:436:6:AS7341_AGAIN_config	16	static
../Drivers/AS7341_Driver/Waveshare_AS7341.c:446:6:AS7341_EnableLED	24	static
../Drivers/AS7341_Driver/Waveshare_AS7341.c:468:6:AS7341_SetBank	24	static
../Drivers/AS7341_Driver/Waveshare_AS7341.c:486:6:AS7341_ControlLed	24	static
../Drivers/AS7341_Driver/Waveshare_AS7341.c:506:6:AS7341_INTerrupt	16	static
../Drivers/AS7341_Driver/Waveshare_AS7341.c:520:6:AS7341_ClearInterrupt	8	static
../Drivers/AS7341_Driver/Waveshare_AS7341.c:529:6:AS7341_EnableSpectralInterrupt	24	static
../Drivers/AS7341_Driver/Waveshare_AS7341.c:554:6:AS7341_SetInterruptPersistence	24	static
../Drivers/AS7341_Driver/Waveshare_AS7341.c:564:6:AS7341_SetThreshold	16	static
../Drivers/AS7341_Driver/Waveshare_AS7341.c:586:6:AS7341_SetSpectralThresholdChannel	16	static
../Drivers/AS7341_Driver/Waveshare_AS7341.c:595:7:AS7341_GetLowThreshold	16	static
../Drivers/AS7341_Driver/Waveshare_AS7341.c:606:7:AS7341_GetHighThreshold	16	static
../Drivers/AS7341_Driver/Waveshare_AS7341.c:617:6:AS7341_SynsINT_sel	8	static
../Drivers/AS7341_Driver/Waveshare_AS7341.c:625:6:AS7341_disableALL	8	static
