../Drivers/AS7341_Driver/Waveshare_AS7341.c:25:14:AS7341_Read_Byte	16	static
../Drivers/AS7341_Driver/Waveshare_AS7341.c:49:13:AS7341_Write_Byte	16	static
../Drivers/AS7341_Driver/Waveshare_AS7341.c:60:7:AS7341_Init	16	static
../Drivers/AS7341_Driver/Waveshare_AS7341.c:73:6:AS7341_Enable	24	static
../Drivers/AS7341_Driver/Waveshare_AS7341.c:91:6:AS7341_EnableSpectralMeasure	24	static
../Drivers/AS7341_Driver/Waveshare_AS7341.c:107:6:AS7341_EnableSMUX	24	static
../Drivers/AS7341_Driver/Waveshare_AS7341.c:124:6:AS7341_EnableFlickerDetection	24	static
../Drivers/AS7341_Driver/Waveshare_AS7341.c:141:6:AS7341_Config	24	static
../Drivers/AS7341_Driver/Waveshare_AS7341.c:169:6:F1F4_Clear_NIR	8	static
../Drivers/AS7341_Driver/Waveshare_AS7341.c:196:6:F5F8_Clear_NIR	8	static
../Drivers/AS7341_Driver/Waveshare_AS7341.c:223:6:FDConfig	8	static
../Drivers/AS7341_Driver/Waveshare_AS7341.c:252:6:AS7341_startMeasure	24	static
../Drivers/AS7341_Driver/Waveshare_AS7341.c:286:7:AS7341_ReadFlickerData	16	static
../Drivers/AS7341_Driver/Waveshare_AS7341.c:333:5:AS7341_MeasureComplete	16	static
../Drivers/AS7341_Driver/Waveshare_AS7341.c:348:7:AS7341_GetChannelData	24	static
../Drivers/AS7341_Driver/Waveshare_AS7341.c:365:16:AS7341_ReadSpectralDataOne	40	static
../Drivers/AS7341_Driver/Waveshare_AS7341.c:382:16:AS7341_ReadSpectralDataTwo	40	static
../Drivers/AS7341_Driver/Waveshare_AS7341.c:398:6:AS7341_SetGpioMode	24	static
../Drivers/AS7341_Driver/Waveshare_AS7341.c:417:6:AS7341_ATIME_config	16	static
../Drivers/AS7341_Driver/Waveshare_AS7341.c:426:6:AS7341_ASTEP_config	24	static
../Drivers/AS7341_Driver/Waveshare_AS7341.c:440:6:AS7341_AGAIN_config	16	static
../Drivers/AS7341_Driver/Waveshare_AS7341.c:450:6:AS7341_EnableLED	24	static
../Drivers/AS7341_Driver/Waveshare_AS7341.c:473:6:AS7341_SetBank	24	static
../Drivers/AS7341_Driver/Waveshare_AS7341.c:492:6:AS7341_ControlLed	24	static
../Drivers/AS7341_Driver/Waveshare_AS7341.c:511:6:AS7341_INTerrupt	16	static
../Drivers/AS7341_Driver/Waveshare_AS7341.c:526:6:AS7341_ClearInterrupt	8	static
../Drivers/AS7341_Driver/Waveshare_AS7341.c:536:6:AS7341_EnableSpectralInterrupt	24	static
../Drivers/AS7341_Driver/Waveshare_AS7341.c:564:6:AS7341_SetInterruptPersistence	24	static
../Drivers/AS7341_Driver/Waveshare_AS7341.c:575:6:AS7341_SetThreshold	16	static
../Drivers/AS7341_Driver/Waveshare_AS7341.c:597:6:AS7341_SetSpectralThresholdChannel	16	static
../Drivers/AS7341_Driver/Waveshare_AS7341.c:608:7:AS7341_GetLowThreshold	16	static
../Drivers/AS7341_Driver/Waveshare_AS7341.c:620:7:AS7341_GetHighThreshold	16	static
../Drivers/AS7341_Driver/Waveshare_AS7341.c:632:6:AS7341_SynsINT_sel	8	static
../Drivers/AS7341_Driver/Waveshare_AS7341.c:642:6:AS7341_disableALL	8	static
