../Drivers/AS7341_Driver/DEV_Config.c:28:6:DEV_GPIO_Mode	40	static
../Drivers/AS7341_Driver/DEV_Config.c:51:6:DEV_Delay_ms	16	static
../Drivers/AS7341_Driver/DEV_Config.c:57:6:GPIO_Config	4	static
../Drivers/AS7341_Driver/DEV_Config.c:67:6:DEV_SPI_Init	4	static
../Drivers/AS7341_Driver/DEV_Config.c:74:6:DEV_SPI_WriteByte	16	static
../Drivers/AS7341_Driver/DEV_Config.c:81:6:DEV_SPI_Write_nByte	16	static
../Drivers/AS7341_Driver/DEV_Config.c:92:6:DEV_I2C_Init	16	static
../Drivers/AS7341_Driver/DEV_Config.c:100:6:I2C_Write_Byte	40	static
../Drivers/AS7341_Driver/DEV_Config.c:109:5:I2C_Read_Byte	40	static
../Drivers/AS7341_Driver/DEV_Config.c:118:5:I2C_Read_Word	40	static
../Drivers/AS7341_Driver/DEV_Config.c:131:7:DEV_ModuleInit	8	static
../Drivers/AS7341_Driver/DEV_Config.c:143:6:DEV_ModuleExit	4	static
