../Core/Src/main.c:76:5:main	120	static
../Core/Src/main.c:167:6:SystemClock_Config	96	static
../Core/Src/main.c:217:13:MX_I2C3_Init	8	static
../Core/Src/main.c:265:13:MX_LPTIM1_Init	8	static
../Core/Src/main.c:299:13:MX_SPI1_Init	8	static
../Core/Src/main.c:339:13:MX_USART2_UART_Init	8	static
../Core/Src/main.c:374:13:MX_GPIO_Init	48	static
../Core/Src/main.c:424:1:__io_putchar	16	static
../Core/Src/main.c:434:17:get_precision_tick	16	static,ignoring_inline_asm
../Core/Src/main.c:442:6:HAL_LPTIM_AutoReloadMatchCallback	16	static
../Core/Src/main.c:447:13:precision_sleep_until	32	static
../Core/Src/main.c:491:16:random_int	16	static
../Core/Src/main.c:496:16:get_battery_level	4	static
../Core/Src/main.c:508:6:Error_Handler	4	static,ignoring_inline_asm
