../Core/Src/main.c:76:5:main	216	static
../Core/Src/main.c:157:6:SystemClock_Config	96	static
../Core/Src/main.c:207:13:MX_I2C3_Init	8	static
../Core/Src/main.c:255:13:MX_LPTIM1_Init	8	static
../Core/Src/main.c:289:13:MX_SPI1_Init	8	static
../Core/Src/main.c:329:13:MX_USART2_UART_Init	8	static
../Core/Src/main.c:364:13:MX_GPIO_Init	48	static
../Core/Src/main.c:398:1:__io_putchar	16	static
../Core/Src/main.c:408:17:get_precision_tick	16	static,ignoring_inline_asm
../Core/Src/main.c:416:6:HAL_LPTIM_AutoReloadMatchCallback	16	static
../Core/Src/main.c:421:13:precision_sleep_until	32	static
../Core/Src/main.c:465:16:random_int	16	static
../Core/Src/main.c:470:16:get_battery_level	4	static
../Core/Src/main.c:482:6:Error_Handler	4	static,ignoring_inline_asm
